###############################################################################
#
# IAR ELF Linker V8.32.1.169/W32 for ARM                  10/May/2019  20:26:41
# Copyright 2007-2018 IAR Systems AB.
#
#    Output file  =  
#        C:\Users\22767\Desktop\eternal52-Kzhili-master\Kzhili\Prj\IAR\DZ10_Debug\Exe\fire_Kinetis.out
#    Map file     =  
#        C:\Users\22767\Desktop\eternal52-Kzhili-master\Kzhili\Prj\IAR\DZ10_Debug\List\fire_Kinetis.map
#    Command line =  
#        -f C:\Users\22767\AppData\Local\Temp\EWDA63.tmp
#        (C:\Users\22767\Desktop\eternal52-Kzhili-master\Kzhili\Prj\IAR\DZ10_Debug\Obj\control.o
#        C:\Users\22767\Desktop\eternal52-Kzhili-master\Kzhili\Prj\IAR\DZ10_Debug\Obj\diskio.o
#        C:\Users\22767\Desktop\eternal52-Kzhili-master\Kzhili\Prj\IAR\DZ10_Debug\Obj\ff.o
#        C:\Users\22767\Desktop\eternal52-Kzhili-master\Kzhili\Prj\IAR\DZ10_Debug\Obj\FIRE_ASCII.o
#        C:\Users\22767\Desktop\eternal52-Kzhili-master\Kzhili\Prj\IAR\DZ10_Debug\Obj\FIRE_BMP.o
#        C:\Users\22767\Desktop\eternal52-Kzhili-master\Kzhili\Prj\IAR\DZ10_Debug\Obj\fire_img2sd.o
#        C:\Users\22767\Desktop\eternal52-Kzhili-master\Kzhili\Prj\IAR\DZ10_Debug\Obj\FIRE_key.o
#        C:\Users\22767\Desktop\eternal52-Kzhili-master\Kzhili\Prj\IAR\DZ10_Debug\Obj\FIRE_key_event.o
#        C:\Users\22767\Desktop\eternal52-Kzhili-master\Kzhili\Prj\IAR\DZ10_Debug\Obj\FIRE_LCD.o
#        C:\Users\22767\Desktop\eternal52-Kzhili-master\Kzhili\Prj\IAR\DZ10_Debug\Obj\FIRE_LCD_CH.o
#        C:\Users\22767\Desktop\eternal52-Kzhili-master\Kzhili\Prj\IAR\DZ10_Debug\Obj\FIRE_LCD_ILI9341.o
#        C:\Users\22767\Desktop\eternal52-Kzhili-master\Kzhili\Prj\IAR\DZ10_Debug\Obj\FIRE_LCD_ST7735R.o
#        C:\Users\22767\Desktop\eternal52-Kzhili-master\Kzhili\Prj\IAR\DZ10_Debug\Obj\FIRE_LCD_ST7735S.o
#        C:\Users\22767\Desktop\eternal52-Kzhili-master\Kzhili\Prj\IAR\DZ10_Debug\Obj\FIRE_LED.o
#        C:\Users\22767\Desktop\eternal52-Kzhili-master\Kzhili\Prj\IAR\DZ10_Debug\Obj\FIRE_MK60_conf.o
#        C:\Users\22767\Desktop\eternal52-Kzhili-master\Kzhili\Prj\IAR\DZ10_Debug\Obj\FIRE_MMA7455.o
#        C:\Users\22767\Desktop\eternal52-Kzhili-master\Kzhili\Prj\IAR\DZ10_Debug\Obj\FIRE_NRF24L0.o
#        C:\Users\22767\Desktop\eternal52-Kzhili-master\Kzhili\Prj\IAR\DZ10_Debug\Obj\FIRE_NRF24L0_MSG.o
#        C:\Users\22767\Desktop\eternal52-Kzhili-master\Kzhili\Prj\IAR\DZ10_Debug\Obj\FIRE_OV7725_Eagle.o
#        C:\Users\22767\Desktop\eternal52-Kzhili-master\Kzhili\Prj\IAR\DZ10_Debug\Obj\FIRE_OV7725_Wolf.o
#        C:\Users\22767\Desktop\eternal52-Kzhili-master\Kzhili\Prj\IAR\DZ10_Debug\Obj\FIRE_RTC_count.o
#        C:\Users\22767\Desktop\eternal52-Kzhili-master\Kzhili\Prj\IAR\DZ10_Debug\Obj\FIRE_SCCB.o
#        C:\Users\22767\Desktop\eternal52-Kzhili-master\Kzhili\Prj\IAR\DZ10_Debug\Obj\fire_sd_app.o
#        C:\Users\22767\Desktop\eternal52-Kzhili-master\Kzhili\Prj\IAR\DZ10_Debug\Obj\FIRE_TSL1401.o
#        C:\Users\22767\Desktop\eternal52-Kzhili-master\Kzhili\Prj\IAR\DZ10_Debug\Obj\FIRE_UI_VAR.o
#        C:\Users\22767\Desktop\eternal52-Kzhili-master\Kzhili\Lib\CMSIS\iar_cortexM4l_math.a
#        C:\Users\22767\Desktop\eternal52-Kzhili-master\Kzhili\Prj\IAR\DZ10_Debug\Obj\main.o
#        C:\Users\22767\Desktop\eternal52-Kzhili-master\Kzhili\Prj\IAR\DZ10_Debug\Obj\misc.o
#        C:\Users\22767\Desktop\eternal52-Kzhili-master\Kzhili\Prj\IAR\DZ10_Debug\Obj\MK60_adc.o
#        C:\Users\22767\Desktop\eternal52-Kzhili-master\Kzhili\Prj\IAR\DZ10_Debug\Obj\MK60_can.o
#        C:\Users\22767\Desktop\eternal52-Kzhili-master\Kzhili\Prj\IAR\DZ10_Debug\Obj\MK60_dac.o
#        C:\Users\22767\Desktop\eternal52-Kzhili-master\Kzhili\Prj\IAR\DZ10_Debug\Obj\MK60_dma.o
#        C:\Users\22767\Desktop\eternal52-Kzhili-master\Kzhili\Prj\IAR\DZ10_Debug\Obj\MK60_DWT.o
#        C:\Users\22767\Desktop\eternal52-Kzhili-master\Kzhili\Prj\IAR\DZ10_Debug\Obj\MK60_flash.o
#        C:\Users\22767\Desktop\eternal52-Kzhili-master\Kzhili\Prj\IAR\DZ10_Debug\Obj\MK60_flexbus.o
#        C:\Users\22767\Desktop\eternal52-Kzhili-master\Kzhili\Prj\IAR\DZ10_Debug\Obj\MK60_ftm.o
#        C:\Users\22767\Desktop\eternal52-Kzhili-master\Kzhili\Prj\IAR\DZ10_Debug\Obj\MK60_gpio.o
#        C:\Users\22767\Desktop\eternal52-Kzhili-master\Kzhili\Prj\IAR\DZ10_Debug\Obj\MK60_i2c.o
#        C:\Users\22767\Desktop\eternal52-Kzhili-master\Kzhili\Prj\IAR\DZ10_Debug\Obj\MK60_it.o
#        C:\Users\22767\Desktop\eternal52-Kzhili-master\Kzhili\Prj\IAR\DZ10_Debug\Obj\MK60_lptmr.o
#        C:\Users\22767\Desktop\eternal52-Kzhili-master\Kzhili\Prj\IAR\DZ10_Debug\Obj\MK60_mcg.o
#        C:\Users\22767\Desktop\eternal52-Kzhili-master\Kzhili\Prj\IAR\DZ10_Debug\Obj\MK60_PIT.o
#        C:\Users\22767\Desktop\eternal52-Kzhili-master\Kzhili\Prj\IAR\DZ10_Debug\Obj\MK60_port.o
#        C:\Users\22767\Desktop\eternal52-Kzhili-master\Kzhili\Prj\IAR\DZ10_Debug\Obj\MK60_rtc.o
#        C:\Users\22767\Desktop\eternal52-Kzhili-master\Kzhili\Prj\IAR\DZ10_Debug\Obj\MK60_sdhc.o
#        C:\Users\22767\Desktop\eternal52-Kzhili-master\Kzhili\Prj\IAR\DZ10_Debug\Obj\MK60_spi.o
#        C:\Users\22767\Desktop\eternal52-Kzhili-master\Kzhili\Prj\IAR\DZ10_Debug\Obj\MK60_SysTick.o
#        C:\Users\22767\Desktop\eternal52-Kzhili-master\Kzhili\Prj\IAR\DZ10_Debug\Obj\MK60_uart.o
#        C:\Users\22767\Desktop\eternal52-Kzhili-master\Kzhili\Prj\IAR\DZ10_Debug\Obj\MK60_usb.o
#        C:\Users\22767\Desktop\eternal52-Kzhili-master\Kzhili\Prj\IAR\DZ10_Debug\Obj\MK60_wdog.o
#        C:\Users\22767\Desktop\eternal52-Kzhili-master\Kzhili\Prj\IAR\DZ10_Debug\Obj\startup_MK60DZ10.o
#        C:\Users\22767\Desktop\eternal52-Kzhili-master\Kzhili\Prj\IAR\DZ10_Debug\Obj\system_MK60DZ10.o
#        C:\Users\22767\Desktop\eternal52-Kzhili-master\Kzhili\Prj\IAR\DZ10_Debug\Obj\USB.o
#        C:\Users\22767\Desktop\eternal52-Kzhili-master\Kzhili\Prj\IAR\DZ10_Debug\Obj\USB_CDC.o
#        C:\Users\22767\Desktop\eternal52-Kzhili-master\Kzhili\Prj\IAR\DZ10_Debug\Obj\vectors.o
#        --no_out_extension -o
#        C:\Users\22767\Desktop\eternal52-Kzhili-master\Kzhili\Prj\IAR\DZ10_Debug\Exe\fire_Kinetis.out
#        --map
#        C:\Users\22767\Desktop\eternal52-Kzhili-master\Kzhili\Prj\IAR\DZ10_Debug\List\fire_Kinetis.map
#        --config
#        "C:\Users\22767\Desktop\eternal52-Kzhili-master\Kzhili\Prj\IAR\config
#        files\fire_ROM_K60N512.icf" --entry __iar_program_start --redirect
#        __write=__write_buffered --vfe --text_out locale)
#
###############################################################################

*******************************************************************************
*** RUNTIME MODEL ATTRIBUTES
***

CppFlavor       = *
__SystemLibrary = DLib
__dlib_version  = 6


*******************************************************************************
*** HEAP SELECTION
***

The basic heap was selected because no calls to memory allocation
functions were found in the application outside of system library
functions, and there are calls to deallocation functions in the
application.


*******************************************************************************
*** PLACEMENT SUMMARY
***

"A0":  place at 0x0 { ro section .intvec };
"A1":  place at 0x410 { ro section .noinit };
define block CodeRelocate { section .textrw_init };
"P1":  place in [from 0x0 to 0x4'0000] { ro, block CodeRelocate };
define block CodeRelocateRam { section .textrw };
define block CSTACK with size = 8K, alignment = 8 { };
define block HEAP with size = 8K, alignment = 8 { };
"P2":  place in [from 0x1fff'0410 to 0x2001'0000] {
          rw, block CodeRelocateRam, block CSTACK, block HEAP };
initialize manually with packing = copy, complex ranges { section .data };
initialize manually with packing = copy, complex ranges { section .textrw };

  Section              Kind         Address    Size  Object
  -------              ----         -------    ----  ------
"A0":                                         0x410
  .intvec              const            0x0   0x410  vectors.o [1]
                                    - 0x410   0x410

"A1":                                           0x8
  .noinit              ro code        0x410     0x8  startup_MK60DZ10.o [1]
                                    - 0x418     0x8

"P1":                                        0x44d0
  .text                ro code        0x418   0xdf2  xprintffull_nomb.o [2]
  .text                ro code       0x120a    0x3a  zero_init3.o [4]
  .text                ro code       0x1244    0x16  strchr.o [4]
  .text                ro code       0x125c    0x40  xfail_s.o [2]
  .text                ro code       0x129c    0x36  strlen.o [4]
  .text                ro code       0x12d4    0x58  memchr.o [4]
  .text                ro code       0x132c   0x230  I64DivMod.o [4]
  .text                ro code       0x155c   0x1a2  DblMul.o [3]
  .text                ro code       0x1700    0xa6  ABImemcpy.o [4]
  .text                ro code       0x17a8    0x70  frexp.o [3]
  .text                ro code       0x1818    0x2e  DblCmpLe.o [3]
  .text                ro code       0x1848    0x2e  DblCmpGe.o [3]
  .text                ro code       0x1878   0x13a  ldexp.o [3]
  .text                ro code       0x19b4    0x3a  DblToS32.o [3]
  .text                ro code       0x19f0    0x22  S32ToDbl.o [3]
  .text                ro code       0x1a14    0xe2  DblSub.o [3]
  .text                ro code       0x1af8   0x246  DblDiv.o [3]
  .text                ro code       0x1d40    0x28  DblToU32.o [3]
  .text                ro code       0x1d68    0x1a  U32ToDbl.o [3]
  .text                ro code       0x1d84     0x8  xlocale_c.o [2]
  .text                ro code       0x1d8c     0x6  abort.o [2]
  .text                ro code       0x1d94     0x2  I64DivZer.o [4]
  .text                ro code       0x1d98   0x17a  DblAdd.o [3]
  .text                ro code       0x1f14     0xc  XXexit.o [4]
  .data_init                         0x1f20   0x830  <Block>
    Initializer bytes  const         0x1f20   0x830  <for .data-1>
  .text                ro code       0x2750   0x3e8  control.o [1]
  .text                ro code       0x2b38   0x2b4  MK60_adc.o [1]
  .text                ro code       0x2dec     0x6  ABImemclr4.o [4]
  .text                ro code       0x2df4    0x2a  FltToS32.o [3]
  .text                ro code       0x2e20   0x228  MK60_uart.o [1]
  .text                ro code       0x3048    0x80  FltSub.o [3]
  .text                ro code       0x30c8    0xfc  FltDiv.o [3]
  .text                ro code       0x31c4    0x48  FltToDbl.o [3]
  .text                ro code       0x320c    0xe2  FltAdd.o [3]
  .text                ro code       0x32f0    0x68  DblToFlt.o [3]
  .text                ro code       0x3358    0x24  FltCmpGe.o [3]
  .text                ro code       0x337c    0x24  FltCmpLe.o [3]
  .text                ro code       0x33a0    0xd8  FltMul.o [3]
  .text                ro code       0x3478   0x394  MK60_ftm.o [1]
  .text                ro code       0x380c    0x22  FltToU32.o [3]
  Veneer               ro code       0x3830     0x8  - Linker created -
  Veneer               ro code       0x3838     0x8  - Linker created -
  .text                ro code       0x3840   0x118  FIRE_MK60_conf.o [1]
  .text                ro code       0x3958    0x8c  MK60_port.o [1]
  .text                ro code       0x39e4    0x32  ABImemset48.o [4]
  .text                ro code       0x3a18    0x28  printf.o [2]
  .text                ro code       0x3a40    0xa4  FIRE_key.o [1]
  .text                ro code       0x3ae4    0x58  FIRE_LED.o [1]
  .text                ro code       0x3b3c    0x68  MK60_DWT.o [1]
  .text                ro code       0x3ba4   0x138  MK60_gpio.o [1]
  Veneer               ro code       0x3cdc     0x8  - Linker created -
  .text                ro code       0x3ce4   0x3b4  MK60_mcg.o [1]
  CodeRelocate                       0x4098   0x1ac  <Block>
    Initializer bytes  const         0x4098   0x1ac  <for CodeRelocateRam-1>
  .text                ro code       0x4244   0x12c  main.o [1]
  .text                ro code       0x4370    0x7c  MK60_PIT.o [1]
  .text                ro code       0x43ec    0x50  misc.o [1]
  .text                ro code       0x443c    0x24  S32ToFlt.o [3]
  .text                ro code       0x4460   0x10c  system_MK60DZ10.o [1]
  .text                ro code       0x456c    0x3c  MK60_wdog.o [1]
  .rodata              const         0x45a8    0x4c  MK60_adc.o [1]
  .rodata              const         0x45f4    0x4c  MK60_flash.o [1]
  .rodata              const         0x4640    0x4c  MK60_ftm.o [1]
  .rodata              const         0x468c    0x4c  MK60_gpio.o [1]
  .rodata              const         0x46d8    0x4c  MK60_PIT.o [1]
  .rodata              const         0x4724    0x4c  MK60_uart.o [1]
  .rodata              const         0x4770    0x48  misc.o [1]
  .rodata              const         0x47b8    0x3c  FIRE_MK60_conf.o [1]
  .text                ro code       0x47f4    0x28  data_init.o [4]
  .rodata              const         0x481c    0x24  FIRE_MK60_conf.o [1]
  .iar.init_table      const         0x4840    0x10  - Linker created -
  .rodata              const         0x4850    0x20  FIRE_MK60_conf.o [1]
  .text                ro code       0x4870    0x1e  cmain.o [4]
  .text                ro code       0x488e     0x4  low_level_init.o [2]
  .text                ro code       0x4892     0x4  exit.o [2]
  .text                ro code       0x4898     0xa  cexit.o [4]
  .text                ro code       0x48a2    0x16  xprout.o [2]
  .text                ro code       0x48b8     0xc  putchar.o [2]
  .rodata              const         0x48c4    0x14  FIRE_MK60_conf.o [1]
  .text                ro code       0x48d8     0xc  cstartup_M.o [4]
  .rodata              const         0x48e4     0x4  xlocale_c.o [2]
  .rodata              const         0x48e8     0x0  zero_init3.o [4]
                                   - 0x48e8  0x44d0

"P2", part 1 of 2:                            0x9dc
  .data                         0x1fff'0410   0x830  <Block>
    .data-1                     0x1fff'0410   0x830  <Init block>
      .data            inited   0x1fff'0410     0x8  FIRE_key.o [1]
      .data            inited   0x1fff'0418     0x4  FIRE_LED.o [1]
      .data            inited   0x1fff'041c   0x708  FIRE_MK60_conf.o [1]
      .data            inited   0x1fff'0b24     0x8  MK60_adc.o [1]
      .data            inited   0x1fff'0b2c     0xc  MK60_ftm.o [1]
      .data            inited   0x1fff'0b38    0x14  MK60_gpio.o [1]
      .data            inited   0x1fff'0b4c    0x44  MK60_mcg.o [1]
      .data            inited   0x1fff'0b90     0x4  MK60_mcg.o [1]
      .data            inited   0x1fff'0b94    0x14  MK60_port.o [1]
      .data            inited   0x1fff'0ba8    0x18  MK60_uart.o [1]
      .data            inited   0x1fff'0bc0    0x48  xfiles.o [2]
      .data            inited   0x1fff'0c08    0x38  xlocale_c.o [2]
  CodeRelocateRam               0x1fff'0c40   0x1ac  <Block>
    CodeRelocateRam-1           0x1fff'0c40   0x1ac  <Init block>
      Veneer           inited   0x1fff'0c40     0x8  - Linker created -
      .textrw          inited   0x1fff'0c48   0x15c  MK60_flash.o [1]
      .textrw          inited   0x1fff'0da4    0x48  MK60_mcg.o [1]
                              - 0x1fff'0dec   0x9dc

"P2", part 2 of 2:                             0x9c
  .bss                          0x1fff'0dec    0x9c  <Block>
    .bss               zero     0x1fff'0dec    0x10  control.o [1]
    .bss               zero     0x1fff'0dfc     0x4  control.o [1]
    .bss               zero     0x1fff'0e00     0x4  control.o [1]
    .bss               zero     0x1fff'0e04     0x4  control.o [1]
    .bss               zero     0x1fff'0e08     0x4  control.o [1]
    .bss               zero     0x1fff'0e0c     0x4  control.o [1]
    .bss               zero     0x1fff'0e10     0x4  control.o [1]
    .bss               zero     0x1fff'0e14     0x4  control.o [1]
    .bss               zero     0x1fff'0e18     0x4  control.o [1]
    .bss               zero     0x1fff'0e1c     0x4  control.o [1]
    .bss               zero     0x1fff'0e20     0x4  control.o [1]
    .bss               zero     0x1fff'0e24     0x4  control.o [1]
    .bss               zero     0x1fff'0e28     0x4  system_MK60DZ10.o [1]
    .bss               zero     0x1fff'0e2c     0x4  system_MK60DZ10.o [1]
    .bss               zero     0x1fff'0e30     0x4  system_MK60DZ10.o [1]
    .bss               zero     0x1fff'0e34    0x50  xfiles.o [2]
    .bss               zero     0x1fff'0e84     0x4  xfail_s.o [2]
                              - 0x1fff'0e88    0x9c

Unused ranges:

         From           To      Size
         ----           --      ----
       0x48e8     0x4'0000  0x3'b719
  0x1fff'0e88  0x2001'0000  0x1'f179


*******************************************************************************
*** INIT TABLE
***

          Address      Size
          -------      ----
Zero (__iar_zero_init3)
    1 destination range, total size 0x9c:
          0x1fff'0dec  0x9c



*******************************************************************************
*** MODULE SUMMARY
***

    Module              ro code  rw code  ro data  rw data
    ------              -------  -------  -------  -------
command line/config:
    ------------------------------------------------------
    Total:

C:\Users\22767\Desktop\eternal52-Kzhili-master\Kzhili\Prj\IAR\DZ10_Debug\Obj: [1]
    FIRE_LED.o               88                 4        4
    FIRE_MK60_conf.o        280             1 948    1 800
    FIRE_key.o              164                 8        8
    MK60_DWT.o              104
    MK60_PIT.o              124                76
    MK60_adc.o              692                84        8
    MK60_flash.o                     348      424
    MK60_ftm.o              916                88       12
    MK60_gpio.o             312                96       20
    MK60_mcg.o              948       72      144       72
    MK60_port.o             140                20       20
    MK60_uart.o             552               100       24
    MK60_wdog.o              60
    control.o             1 000                         60
    main.o                  300
    misc.o                   80                72
    startup_MK60DZ10.o        8
    system_MK60DZ10.o       268                         12
    vectors.o                               1 040
    ------------------------------------------------------
    Total:                6 036      420    4 104    2 040

dl7M_tlf.a: [2]
    abort.o                   6
    exit.o                    4
    low_level_init.o          4
    printf.o                 40
    putchar.o                12
    xfail_s.o                64                          4
    xfiles.o                                   72      152
    xlocale_c.o               8                60       56
    xprintffull_nomb.o    3 570
    xprout.o                 22
    ------------------------------------------------------
    Total:                3 730               132      212

m7M_tl.a: [3]
    DblAdd.o                378
    DblCmpGe.o               46
    DblCmpLe.o               46
    DblDiv.o                582
    DblMul.o                418
    DblSub.o                226
    DblToFlt.o              104
    DblToS32.o               58
    DblToU32.o               40
    FltAdd.o                226
    FltCmpGe.o               36
    FltCmpLe.o               36
    FltDiv.o                252
    FltMul.o                216
    FltSub.o                128
    FltToDbl.o               72
    FltToS32.o               42
    FltToU32.o               34
    S32ToDbl.o               34
    S32ToFlt.o               36
    U32ToDbl.o               26
    frexp.o                 112
    ldexp.o                 314
    ------------------------------------------------------
    Total:                3 462

rt7M_tl.a: [4]
    ABImemclr4.o              6
    ABImemcpy.o             166
    ABImemset48.o            50
    I64DivMod.o             560
    I64DivZer.o               2
    XXexit.o                 12
    cexit.o                  10
    cmain.o                  30
    cstartup_M.o             12
    data_init.o              40
    memchr.o                 88
    strchr.o                 22
    strlen.o                 54
    zero_init3.o             58
    ------------------------------------------------------
    Total:                1 110

    Gaps                     42
    Linker created           24        8       24
----------------------------------------------------------
    Grand Total:         14 404      428    4 260    2 252


*******************************************************************************
*** ENTRY LIST
***

Entry                       Address   Size  Type      Object
-----                       -------   ----  ----      ------
.bss$$Base              0x1fff'0dec          --   Gb  - Linker created -
.bss$$Limit             0x1fff'0e88          --   Gb  - Linker created -
.data$$Base             0x1fff'0410          --   Gb  - Linker created -
.data$$Limit            0x1fff'0c40          --   Gb  - Linker created -
.data_init$$Base             0x1f20          --   Gb  - Linker created -
.data_init$$Limit            0x2750          --   Gb  - Linker created -
.iar.init_table$$Base        0x4840          --   Gb  - Linker created -
.iar.init_table$$Limit       0x4850          --   Gb  - Linker created -
?main                        0x4871         Code  Gb  cmain.o [4]
ADCN                    0x1fff'0b24    0x8  Data  Gb  MK60_adc.o [1]
AD_Calculate                 0x28fd   0x64  Code  Gb  control.o [1]
ASSERT_FAILED_STR            0x481c   0x24  Data  Gb  FIRE_MK60_conf.o [1]
CRC_CHECK                    0x2771   0x4e  Code  Lc  control.o [1]
CodeRelocate$$Base           0x4098          --   Gb  - Linker created -
CodeRelocate$$Limit          0x4244          --   Gb  - Linker created -
CodeRelocateRam$$Base   0x1fff'0c40          --   Gb  - Linker created -
CodeRelocateRam$$Limit  0x1fff'0dec          --   Gb  - Linker created -
ENC03                   0x1fff'0e24    0x4  Data  Gb  control.o [1]
FTMN                    0x1fff'0b2c    0xc  Data  Gb  MK60_ftm.o [1]
FTM_PWM_Duty                 0x3709   0xee  Code  Gb  MK60_ftm.o [1]
FTM_PWM_init                 0x3479  0x290  Code  Gb  MK60_ftm.o [1]
GPIOX                   0x1fff'0b38   0x14  Data  Gb  MK60_gpio.o [1]
Gyro_Now                0x1fff'0dfc    0x4  Data  Gb  control.o [1]
KEY_PTxn                0x1fff'0410    0x8  Data  Gb  FIRE_key.o [1]
LED_PTxn                0x1fff'0418    0x4  Data  Gb  FIRE_LED.o [1]
LoadInt                       0x5c7   0x7a  Code  Lc  xprintffull_nomb.o [2]
MMA7361                 0x1fff'0e20    0x4  Data  Gb  control.o [1]
NVIC_EnableIRQ               0x4245   0x16  Code  Lc  main.o [1]
NVIC_SystemReset             0x3841   0x18  Code  Lc  FIRE_MK60_conf.o [1]
OutData                 0x1fff'0dec   0x10  Data  Gb  control.o [1]
OutPut_Data                  0x27bf   0xec  Code  Gb  control.o [1]
PIT0_IRQHandler              0x432d   0x24  Code  Gb  main.o [1]
PORTX                   0x1fff'0b94   0x14  Data  Gb  MK60_port.o [1]
QingHua_AngleCalaulate       0x28ab   0x52  Code  Gb  control.o [1]
Rd_Ad_Value                  0x2751   0x20  Code  Gb  control.o [1]
Region$$Table$$Base          0x4840          --   Gb  - Linker created -
Region$$Table$$Limit         0x4850          --   Gb  - Linker created -
Reset_Handler                 0x411         Code  Gb  startup_MK60DZ10.o [1]
Speed_Calculate              0x2961  0x166  Code  Gb  control.o [1]
Speed_L                 0x1fff'0e0c    0x4  Data  Gb  control.o [1]
Speed_L_Last            0x1fff'0e18    0x4  Data  Gb  control.o [1]
Speed_R                 0x1fff'0e10    0x4  Data  Gb  control.o [1]
Speed_R_Last            0x1fff'0e1c    0x4  Data  Gb  control.o [1]
UARTN                   0x1fff'0ba8   0x18  Data  Gb  MK60_uart.o [1]
_GenldFullNoMb                0xf09  0x274  Code  Lc  xprintffull_nomb.o [2]
_LdtobFullNoMb                0xb05  0x3d6  Code  Lc  xprintffull_nomb.o [2]
_LitobFullNoMb                0x9b5  0x10a  Code  Lc  xprintffull_nomb.o [2]
_Locale_lconv           0x1fff'0c08   0x38  Data  Lc  xlocale_c.o [2]
_PrintfFullNoMb               0x419  0x19e  Code  Gb  xprintffull_nomb.o [2]
_Prout                       0x48a3   0x16  Code  Gb  xprout.o [2]
_PutcharsFullNoMb            0x117d   0x2e  Code  Lc  xprintffull_nomb.o [2]
_PutfldFullNoMb               0x641  0x268  Code  Lc  xprintffull_nomb.o [2]
_PuttxtFullNoMb               0x8a9  0x10c  Code  Lc  xprintffull_nomb.o [2]
__BOOT_STACK_ADDRESS {Abs}
                        0x2000'fff8         Data  Gb  <internal module>
__VECTOR_RAM {Abs}      0x1fff'0000         Data  Gb  <internal module>
__VECTOR_TABLE {Abs}            0x0         Data  Gb  <internal module>
__aeabi_cdcmple              0x1819         Code  Gb  DblCmpLe.o [3]
__aeabi_cdrcmple             0x1849         Code  Gb  DblCmpGe.o [3]
__aeabi_cfcmple              0x337d         Code  Gb  FltCmpLe.o [3]
__aeabi_cfrcmple             0x3359         Code  Gb  FltCmpGe.o [3]
__aeabi_d2f                  0x32f1         Code  Gb  DblToFlt.o [3]
__aeabi_d2iz                 0x19b5         Code  Gb  DblToS32.o [3]
__aeabi_d2uiz                0x1d41         Code  Gb  DblToU32.o [3]
__aeabi_dadd                 0x1d99         Code  Gb  DblAdd.o [3]
__aeabi_ddiv                 0x1af9         Code  Gb  DblDiv.o [3]
__aeabi_dmul                 0x155d         Code  Gb  DblMul.o [3]
__aeabi_dsub                 0x1a15         Code  Gb  DblSub.o [3]
__aeabi_f2d                  0x31c5         Code  Gb  FltToDbl.o [3]
__aeabi_f2iz                 0x2df5         Code  Gb  FltToS32.o [3]
__aeabi_f2uiz                0x380d         Code  Gb  FltToU32.o [3]
__aeabi_fadd                 0x320d         Code  Gb  FltAdd.o [3]
__aeabi_fdiv                 0x30c9         Code  Gb  FltDiv.o [3]
__aeabi_fmul                 0x33a1         Code  Gb  FltMul.o [3]
__aeabi_fsub                 0x3049         Code  Gb  FltSub.o [3]
__aeabi_i2d                  0x19f1         Code  Gb  S32ToDbl.o [3]
__aeabi_i2f                  0x443d         Code  Gb  S32ToFlt.o [3]
__aeabi_ldiv0                0x1d95         Code  Gb  I64DivZer.o [4]
__aeabi_memclr4              0x2ded         Code  Gb  ABImemclr4.o [4]
__aeabi_memcpy               0x1701         Code  Gb  ABImemcpy.o [4]
__aeabi_memcpy4              0x1721         Code  Gb  ABImemcpy.o [4]
__aeabi_memcpy8              0x1721         Code  Gb  ABImemcpy.o [4]
__aeabi_ui2d                 0x1d69         Code  Gb  U32ToDbl.o [3]
__aeabi_uldivmod             0x132d         Code  Gb  I64DivMod.o [4]
__cmain                      0x4871         Code  Gb  cmain.o [4]
__code_start__ {Abs}          0x410         Data  Gb  <internal module>
__exit                       0x1f15         Code  Gb  XXexit.o [4]
__iar_Fail_s                 0x125d   0x1c  Code  Gb  xfail_s.o [2]
__iar_Memchr                 0x12d5         Code  Gb  memchr.o [4]
__iar_Memset4_word           0x39e5         Code  Gb  ABImemset48.o [4]
__iar_Memset8_word           0x39e5         Code  Gb  ABImemset48.o [4]
__iar_Stdout            0x1fff'0bc0   0x48  Data  Gb  xfiles.o [2]
__iar_Strchr                 0x1245         Code  Gb  strchr.o [4]
__iar_dadd                   0x1a25         Code  Gb  DblSub.o [3]
__iar_data_init3             0x47f5   0x28  Code  Gb  data_init.o [4]
__iar_dsub                   0x1da9         Code  Gb  DblAdd.o [3]
__iar_dsubStart              0x1dbb         Code  Gb  DblAdd.o [3]
__iar_fadd                   0x3055         Code  Gb  FltSub.o [3]
__iar_frexp                  0x17b5         Code  Gb  frexp.o [3]
__iar_frexp64                0x17a9         Code  Gb  frexp.o [3]
__iar_frexpl                 0x17b5         Code  Gb  frexp.o [3]
__iar_fsub                   0x3219         Code  Gb  FltAdd.o [3]
__iar_fsubStart              0x3229         Code  Gb  FltAdd.o [3]
__iar_ldexp64                0x1879         Code  Gb  ldexp.o [3]
__iar_program_start          0x48d9         Code  Gb  cstartup_M.o [4]
__iar_scalbln64              0x1879         Code  Gb  ldexp.o [3]
__iar_scalbn64               0x1879         Code  Gb  ldexp.o [3]
__iar_zero_init3             0x120b   0x3a  Code  Gb  zero_init3.o [4]
__low_level_init             0x488f    0x4  Code  Gb  low_level_init.o [2]
__vector_table                  0x0  0x410  Data  Gb  vectors.o [1]
_call_main                   0x487d         Code  Gb  cmain.o [4]
_exit                        0x4899         Code  Gb  cexit.o [4]
_main                        0x488b         Code  Gb  cmain.o [4]
abort                        0x1d8d    0x6  Code  Gb  abort.o [2]
adc_init                     0x2b39  0x202  Code  Gb  MK60_adc.o [1]
adc_once                     0x2d3b   0x50  Code  Gb  MK60_adc.o [1]
adc_start                    0x2d8b   0x4c  Code  Lc  MK60_adc.o [1]
angle_offset_vertical   0x1fff'0e00    0x4  Data  Gb  control.o [1]
assert_failed                0x3859   0x12  Code  Gb  FIRE_MK60_conf.o [1]
bus_clk_khz             0x1fff'0e30    0x4  Data  Gb  system_MK60DZ10.o [1]
common_startup               0x44b1   0x84  Code  Gb  system_MK60DZ10.o [1]
core_clk_khz            0x1fff'0e28    0x4  Data  Gb  system_MK60DZ10.o [1]
core_clk_mhz            0x1fff'0e2c    0x4  Data  Gb  system_MK60DZ10.o [1]
default_isr                  0x391b   0x1e  Code  Gb  FIRE_MK60_conf.o [1]
dwt_delay_ms                 0x3b8d   0x18  Code  Gb  MK60_DWT.o [1]
dwt_delay_us                 0x3b3d   0x40  Code  Gb  MK60_DWT.o [1]
exit                         0x4893    0x4  Code  Gb  exit.o [2]
flash_cmd               0x1fff'0c49   0x1c  Code  Gb  MK60_flash.o [1]
flash_erase_sector      0x1fff'0c87   0x58  Code  Gb  MK60_flash.o [1]
flash_init              0x1fff'0c65   0x22  Code  Gb  MK60_flash.o [1]
flash_write             0x1fff'0cdf   0x96  Code  Gb  MK60_flash.o [1]
fputc                        0x386b   0x14  Code  Gb  FIRE_MK60_conf.o [1]
frexp                        0x17a9         Code  Gb  frexp.o [3]
frexpl                       0x17a9         Code  Gb  frexp.o [3]
g_fCarAngle             0x1fff'0e04    0x4  Data  Gb  control.o [1]
g_fGyroscopeAngleIntegral
                        0x1fff'0e08    0x4  Data  Gb  control.o [1]
gpio_get                     0x3c95   0x3c  Code  Gb  MK60_gpio.o [1]
gpio_init                    0x3ba5   0xb6  Code  Gb  MK60_gpio.o [1]
gpio_turn                    0x3c5b   0x3a  Code  Gb  MK60_gpio.o [1]
key_check                    0x3ab5   0x2a  Code  Gb  FIRE_key.o [1]
key_get                      0x3a99   0x1c  Code  Gb  FIRE_key.o [1]
key_init                     0x3a41   0x58  Code  Gb  FIRE_key.o [1]
ldexp                        0x1879         Code  Gb  ldexp.o [3]
ldexpl                       0x1879         Code  Gb  ldexp.o [3]
led_init                     0x3ae5   0x40  Code  Gb  FIRE_LED.o [1]
led_turn                     0x3b25   0x12  Code  Gb  FIRE_LED.o [1]
localeconv                   0x1d85    0x4  Code  Gb  xlocale_c.o [2]
main                         0x425d   0xd0  Code  Gb  main.o [1]
mcg_cfg                 0x1fff'0b4c   0x44  Data  Gb  MK60_mcg.o [1]
mcg_div                 0x1fff'0b90    0x4  Data  Gb  MK60_mcg.o [1]
mcg_div_count                0x3ce5  0x300  Code  Gb  MK60_mcg.o [1]
memchr                       0x12d5         Code  Gb  memchr.o [4]
obuf                    0x1fff'0e34   0x50  Data  Lc  xfiles.o [2]
pit_init                     0x4371   0x6c  Code  Gb  MK60_PIT.o [1]
pll_init                     0x3fe5   0x96  Code  Gb  MK60_mcg.o [1]
port_init                    0x3959   0x32  Code  Gb  MK60_port.o [1]
port_init_NoALT              0x398b   0x52  Code  Gb  MK60_port.o [1]
printf                       0x3a19   0x28  Code  Gb  printf.o [2]
putchar                      0x48b9    0xc  Code  Gb  putchar.o [2]
scalbln                      0x1879         Code  Gb  ldexp.o [3]
scalblnl                     0x1879         Code  Gb  ldexp.o [3]
scalbn                       0x1879         Code  Gb  ldexp.o [3]
scalbnl                      0x1879         Code  Gb  ldexp.o [3]
scale                         0xabf   0x46  Code  Lc  xprintffull_nomb.o [2]
sec_hand                0x1fff'0e84    0x4  Data  Lc  xfail_s.o [2]
set_sys_dividers        0x1fff'0da5   0x48  Code  Gb  MK60_mcg.o [1]
set_vector_handler           0x440f   0x22  Code  Gb  misc.o [1]
speed_Start             0x1fff'0e14    0x4  Data  Gb  control.o [1]
start                        0x4461   0x18  Code  Gb  system_MK60DZ10.o [1]
start_check                  0x387f   0x9c  Code  Gb  FIRE_MK60_conf.o [1]
strchr                       0x1245         Code  Gb  strchr.o [4]
strlen                       0x129d         Code  Gb  strlen.o [4]
sysinit                      0x4479   0x38  Code  Gb  system_MK60DZ10.o [1]
uart_init                    0x2e21  0x1f4  Code  Gb  MK60_uart.o [1]
uart_putchar                 0x3015   0x1c  Code  Gb  MK60_uart.o [1]
vector_str              0x1fff'041c  0x708  Data  Gb  FIRE_MK60_conf.o [1]
wdog_disable                 0x456d   0x14  Code  Gb  MK60_wdog.o [1]
wdog_unlock                  0x4581   0x20  Code  Lc  MK60_wdog.o [1]
write_vtor                   0x43ed   0x22  Code  Gb  misc.o [1]


[1] = C:\Users\22767\Desktop\eternal52-Kzhili-master\Kzhili\Prj\IAR\DZ10_Debug\Obj
[2] = dl7M_tlf.a
[3] = m7M_tl.a
[4] = rt7M_tl.a

  14 404 bytes of readonly  code memory
     428 bytes of readwrite code memory
   4 260 bytes of readonly  data memory
   2 252 bytes of readwrite data memory

Errors: none
Warnings: none
